// Vitest Snapshot v1, https://vitest.dev/guide/snapshot.html

exports[`TimeIn > should match the snapshot 1`] = `
<time-in>
  #shadow-root
    <time
      part="time"
    >
      <span
        part="number"
      >
        14
      </span>
      <span
        part="seperator"
      >
        :
      </span>
      <span
        part="number"
      >
        45
      </span>
      <span
        part="seperator"
      >
        :
      </span>
      <span
        part="number"
      >
        40
      </span>
    </time>
</time-in>
`;
